LULULUL
lelelel
LULULUL
C:\Kisoty_scripts2020-06-12 04:29:26: lelelel
C:\Kisoty_scripts2020-06-12 04:29:26: LULULUL
C:\Kisoty_scripts 2020-06-12 04:29:55: lelelel
C:\Kisoty_scripts 2020-06-12 04:29:55: LULULUL
C:\Kisoty_scripts 04:30:12 2020-06-12: lelelel
C:\Kisoty_scripts 04:30:12 2020-06-12: LULULUL
C:\Kisoty_scripts\generators.php 07:29:17 2020-06-12: lelelel
C:\Kisoty_scripts\Logger.php 10:38:00 2020-06-12: lelelel
C:\Kisoty_scripts\Logger.php 10:38:54 2020-06-12: AAA
C:\Kisoty_scripts\Logger.php 2020-06-12 10:40:47: AAA
C:\Kisoty_scripts\Logger.php 01:51:36 2020-06-13: AAA
